../Core/Src/main.c:89:5:main	16	static
../Core/Src/main.c:146:6:SystemClock_Config	88	static
../Core/Src/main.c:193:13:MX_ADC1_Init	56	static
../Core/Src/main.c:279:13:MX_LPUART1_UART_Init	8	static
../Core/Src/main.c:326:13:MX_TIM2_Init	40	static
../Core/Src/main.c:371:13:MX_TIM3_Init	64	static
../Core/Src/main.c:430:13:MX_TIM4_Init	40	static
../Core/Src/main.c:473:13:MX_DMA_Init	16	static
../Core/Src/main.c:492:13:MX_GPIO_Init	48	static
../Core/Src/main.c:529:6:HAL_TIM_PeriodElapsedCallback	16	static
../Core/Src/main.c:536:6:Avg	16	static
../Core/Src/main.c:551:6:servo	4	static
../Core/Src/main.c:582:6:Error_Handler	4	static,ignoring_inline_asm
